{
  "version": "v_01",
  "document": "inventory.md",
  "authors": [
    "gpt-5-codex"
  ],
  "generated_on": "2025-10-31T22:22:26Z",
  "validation_commands": [
    "sha256sum v_01/*",
    "rg 'create_dependency_bundle' v_01/dependencies.py"
  ]
}
